// Jest Snapshot v1, https://jestjs.io/docs/snapshot-testing

exports[`renderAdvice output formatting snapshot completo mantiene formato HTML de liquidez 1`] = `
"🧮 <b>Asesor de Fondo</b>

🔴 URGENTE

━━━━━━━━━━━━━━━━━━

📊 <b>Estado actual</b>
• Activos: 412,779 CUP (≈ 1,031.95 USD)
• Deudas: -275,000 CUP (≈ -687.50 USD)
• Colchón actual: 137,779 CUP (≈ 344.45 USD)
• Neto: 137,779 CUP (≈ 344.45 USD)

ℹ️ <b>Indicadores</b>
• Deuda/Activos: 66.6%
• Avance colchón: 77% ▓▓▓▓▓▓▓▓░░

🎯 <b>Objetivo</b>
• Colchón objetivo: 180,000 CUP (≈ 450.00 USD)
• Necesidad adicional: 42,221 CUP (≈ 105.55 USD)

💵 <b>Inventario USD/Zelle</b>
• Total: 180 USD
• Disponible ahora: 180 USD


💸 <b>Venta requerida (Zelle)</b>
👉 Objetivo: vender 94 USD a 452 ⇒ +42,488 CUP (≈ 106.22 USD)
👉 Vende ahora: 80 USD ⇒ +36,160 CUP (≈ 90.40 USD)
• Faltante tras venta: 6,061 CUP (≈ 15.15 USD)


────────────────────────────────

🚦 <b>Límite mensual por tarjeta</b>

ℹ️ Límite mensual: Estándar 120,000 CUP (≈ 300.00 USD) • BPA 120,000 CUP (≈ 300.00 USD) (ampliable)

<pre>—</pre>

📍 <b>Sugerencia de destino</b>

<pre>Venta AHORA: 36,160 CUP (≈ 90.40 USD)
  Sin capacidad disponible
Objetivo total: 42,488 CUP (≈ 106.22 USD)
  Sin capacidad disponible
  ⚠️ CUP sin destino: 6,061 CUP (≈ 15.15 USD)</pre>

────────────────────────────────

🧾 <b>Proyección post-venta</b>
• Negativos: 0 CUP (≈ 0.00 USD)
• Colchón proyectado: 173,939 CUP (≈ 434.85 USD) &lt; 180,000 CUP (≈ 450.00 USD)

🏦 <b>Liquidez rápida disponible</b>
• BANDEC: 322,491 CUP (≈ 806.23 USD)
• MITRANSFER: 53,628 CUP (≈ 134.07 USD)
• METRO: 23,295 CUP (≈ 58.24 USD)
• BPA: 13,365 CUP (≈ 33.41 USD)

📐 <b>Explicación</b>
• Fórmula: necesidad = |deudas| + colchón − activos = 275,000 + 180,000 − 412,779 = 42,221 CUP
• Objetivo USD = ceil(necesidad / sellNet) (+ márgenes y redondeo)
• sellNet = floor(SELL × (1 − fee)) ⇒ SELL: 452 (fuente ENV)  fee: 0.00%
• Conversión: USD ≈ CUP / 400.00 (fuente DB)"
`;
